
--- Gefaalde tests in example_source_files/test_set_1 ---
test_set_1/test_file_0.c -> Compiler Error (but Clang accepts)
test_set_1/test_file_1.c -> Compiler Error (but Clang accepts)
test_set_1/test_file_10.c -> Compiler Error (but Clang accepts)
test_set_1/test_file_2.c -> Compiler Error (but Clang accepts)
test_set_1/test_file_23.c -> Clang mismatch
test_set_1/test_file_24.c -> Clang mismatch
test_set_1/test_file_25.c -> Compiler Error (but Clang accepts)
test_set_1/test_file_26.c -> Compiler Error (but Clang accepts)

--- Gefaalde tests in example_source_files/test_set_2 ---
test_set_2/test_file_15.c -> Compiler Error (but Clang accepts)
test_set_2/test_file_30.c -> Compiler Error (but Clang accepts)
test_set_2/test_file_52.c -> Compiler Error (but Clang accepts)
test_set_2/test_file_6.c -> Compiler Error (but Clang accepts)
